[2026-07-31T05:14:30.434Z] [INFO] GET /api/payments
[2026-07-31T05:14:30.452Z] [INFO] GET /api/payments
[2026-07-31T05:14:33.949Z] [INFO] GET /api/invoices?page=1&limit=20
[2026-07-31T05:14:33.952Z] [INFO] GET /api/invoices?page=1&limit=20
[2026-07-31T05:14:35.729Z] [INFO] GET /api/receipts?page=1&limit=20
[2026-07-31T05:14:35.733Z] [INFO] GET /api/receipts?page=1&limit=20
[2026-07-31T05:14:37.593Z] [INFO] GET /api/reports/summary
[2026-07-31T05:14:37.609Z] [INFO] GET /api/students
[2026-07-31T05:14:37.614Z] [INFO] GET /api/reports/summary
[2026-07-31T05:14:37.618Z] [INFO] GET /api/students
[2026-07-31T05:14:37.621Z] [INFO] GET /api/reports/daily
[2026-07-31T05:14:37.629Z] [INFO] GET /api/reports/daily
[2026-07-31T05:14:38.924Z] [INFO] GET /api/fees-dashboard/recent-activities
[2026-07-31T05:14:38.935Z] [INFO] GET /api/fees-dashboard/recent-activities
[2026-07-31T05:14:58.432Z] [INFO] POST /api/settings/reset
[2026-07-31T05:15:16.097Z] [INFO] GET /api/fees-dashboard/summary?filterType=month
[2026-07-31T05:15:16.109Z] [INFO] GET /api/fees-dashboard/charts?filterType=month
[2026-07-31T05:15:16.112Z] [INFO] GET /api/fees-dashboard/recent-activities
[2026-07-31T05:15:16.118Z] [INFO] GET /api/fees-dashboard/summary?filterType=month
[2026-07-31T05:15:16.121Z] [INFO] GET /api/fees-dashboard/charts?filterType=month
[2026-07-31T05:15:16.125Z] [INFO] GET /api/fees-dashboard/recent-payments
[2026-07-31T05:15:16.355Z] [INFO] GET /api/fees-dashboard/upcoming-due
[2026-07-31T05:15:16.550Z] [INFO] GET /api/fees-dashboard/recent-payments
[2026-07-31T05:15:16.552Z] [INFO] GET /api/fees-dashboard/overdue
[2026-07-31T05:15:16.555Z] [INFO] GET /api/fees-dashboard/recent-students
[2026-07-31T05:15:24.863Z] [INFO] GET /api/employee/me
[2026-07-31T05:15:24.873Z] [INFO] GET /api/auth/me
[2026-07-31T05:15:24.885Z] [INFO] GET /api/employee/me
[2026-07-31T05:15:24.897Z] [INFO] GET /api/auth/me
[2026-07-31T05:15:24.937Z] [INFO] GET /api/fees-dashboard/charts?filterType=month
[2026-07-31T05:15:24.942Z] [INFO] GET /api/fees-dashboard/summary?filterType=month
[2026-07-31T05:15:24.945Z] [INFO] GET /api/fees-dashboard/recent-payments
[2026-07-31T05:15:24.949Z] [INFO] GET /api/fees-dashboard/upcoming-due
[2026-07-31T05:15:26.236Z] [INFO] GET /api/fees-dashboard/overdue
[2026-07-31T05:15:26.368Z] [INFO] GET /api/fees-dashboard/recent-students
[2026-07-31T05:15:26.440Z] [INFO] GET /api/fees-dashboard/recent-activities
[2026-07-31T05:15:26.443Z] [INFO] GET /api/settings
[2026-07-31T05:15:26.445Z] [INFO] GET /api/fees-dashboard/summary?filterType=month
[2026-07-31T05:15:26.496Z] [INFO] GET /api/fees-dashboard/charts?filterType=month
[2026-07-31T05:15:26.589Z] [INFO] GET /api/fees-dashboard/recent-payments
[2026-07-31T05:15:26.591Z] [INFO] GET /api/fees-dashboard/upcoming-due
[2026-07-31T05:15:26.803Z] [INFO] GET /api/fees-dashboard/overdue
[2026-07-31T05:15:26.808Z] [INFO] GET /api/fees-dashboard/recent-students
[2026-07-31T05:15:26.839Z] [INFO] GET /api/fees-dashboard/recent-activities
[2026-07-31T05:15:26.842Z] [INFO] GET /api/settings
[2026-07-31T05:17:55.517Z] [INFO] GET /api/students
[2026-07-31T05:18:16.032Z] [INFO] GET /api/students
[2026-07-31T05:18:16.040Z] [INFO] GET /api/students
[2026-07-31T05:18:16.316Z] [INFO] GET /api/installments/6a698b53eb3556b14e5cea1e
[2026-07-31T05:18:16.333Z] [INFO] GET /api/installments/6a698b53eb3556b14e5cea1e
[2026-07-31T05:18:20.840Z] [INFO] GET /api/payments
[2026-07-31T05:18:22.681Z] [INFO] GET /api/payments
[2026-07-31T05:18:28.936Z] [INFO] GET /api/students
[2026-07-31T05:18:30.187Z] [INFO] GET /api/students
[2026-07-31T05:18:36.729Z] [INFO] DELETE /api/students/6a69a1cb1de6ae7d63e4c9de
[2026-07-31T05:22:18.387Z] [INFO] GET /api/employee/me
[2026-07-31T05:22:18.393Z] [INFO] GET /api/auth/me
[2026-07-31T05:22:18.401Z] [INFO] GET /api/employee/me
[2026-07-31T05:22:18.403Z] [INFO] GET /api/auth/me
[2026-07-31T05:22:18.425Z] [INFO] GET /api/students
[2026-07-31T05:22:18.428Z] [INFO] GET /api/settings
[2026-07-31T05:22:18.430Z] [INFO] GET /api/students
[2026-07-31T05:22:18.433Z] [INFO] GET /api/settings
[2026-07-31T05:22:23.114Z] [INFO] GET /api/fees-dashboard/summary?filterType=month
[2026-07-31T05:22:23.119Z] [INFO] GET /api/fees-dashboard/charts?filterType=month
[2026-07-31T05:22:23.124Z] [INFO] GET /api/fees-dashboard/summary?filterType=month
[2026-07-31T05:22:23.127Z] [INFO] GET /api/fees-dashboard/recent-payments
[2026-07-31T05:22:23.130Z] [INFO] GET /api/fees-dashboard/upcoming-due
[2026-07-31T05:22:23.133Z] [INFO] GET /api/fees-dashboard/charts?filterType=month
[2026-07-31T05:22:23.315Z] [INFO] GET /api/fees-dashboard/overdue
[2026-07-31T05:22:23.430Z] [INFO] GET /api/fees-dashboard/recent-payments
[2026-07-31T05:22:23.435Z] [INFO] GET /api/fees-dashboard/recent-students
[2026-07-31T05:22:23.482Z] [INFO] GET /api/fees-dashboard/upcoming-due
[2026-07-31T05:22:23.507Z] [INFO] GET /api/fees-dashboard/overdue
[2026-07-31T05:22:23.519Z] [INFO] GET /api/fees-dashboard/recent-students
[2026-07-31T05:22:23.609Z] [INFO] GET /api/fees-dashboard/recent-activities
[2026-07-31T05:22:23.615Z] [INFO] GET /api/fees-dashboard/recent-activities
[2026-07-31T05:22:28.310Z] [INFO] GET /api/fees-dashboard/summary?filterType=week
[2026-07-31T05:22:28.312Z] [INFO] GET /api/fees-dashboard/charts?filterType=week
[2026-07-31T05:22:28.313Z] [INFO] GET /api/fees-dashboard/recent-payments
[2026-07-31T05:22:28.314Z] [INFO] GET /api/fees-dashboard/upcoming-due
[2026-07-31T05:22:28.316Z] [INFO] GET /api/fees-dashboard/overdue
[2026-07-31T05:22:28.317Z] [INFO] GET /api/fees-dashboard/recent-students
[2026-07-31T05:22:29.299Z] [INFO] GET /api/fees-dashboard/recent-activities
[2026-07-31T05:22:52.407Z] [INFO] GET /api/students/6a6c3107dfee1c0c0f92d5c6
[2026-07-31T05:22:52.415Z] [INFO] GET /api/students/6a6c3107dfee1c0c0f92d5c6
[2026-07-31T05:22:52.769Z] [INFO] GET /api/installments/6a6c3107dfee1c0c0f92d5c6
[2026-07-31T05:22:52.790Z] [INFO] GET /api/installments/6a6c3107dfee1c0c0f92d5c6
[2026-07-31T05:22:53.263Z] [INFO] GET /api/payments/student/6a6c3107dfee1c0c0f92d5c6
[2026-07-31T05:22:53.376Z] [INFO] GET /api/payments/student/6a6c3107dfee1c0c0f92d5c6
[2026-07-31T05:22:53.672Z] [INFO] GET /api/payments/logs/student/6a6c3107dfee1c0c0f92d5c6
[2026-07-31T05:22:53.874Z] [INFO] GET /api/payments/logs/student/6a6c3107dfee1c0c0f92d5c6
[2026-07-31T05:27:57.600Z] [INFO] GET /api/students/6a6c3107dfee1c0c0f92d5c6
[2026-07-31T05:27:57.793Z] [INFO] GET /api/students/6a6c3107dfee1c0c0f92d5c6
[2026-07-31T05:27:57.801Z] [INFO] GET /api/installments/6a6c3107dfee1c0c0f92d5c6
[2026-07-31T05:27:57.995Z] [INFO] GET /api/installments/6a6c3107dfee1c0c0f92d5c6
[2026-07-31T05:27:58.520Z] [INFO] GET /api/payments/student/6a6c3107dfee1c0c0f92d5c6
[2026-07-31T05:27:58.609Z] [INFO] GET /api/payments/student/6a6c3107dfee1c0c0f92d5c6
[2026-07-31T05:27:59.027Z] [INFO] GET /api/payments/logs/student/6a6c3107dfee1c0c0f92d5c6
[2026-07-31T05:27:59.634Z] [INFO] GET /api/payments/logs/student/6a6c3107dfee1c0c0f92d5c6
[2026-07-31T05:30:48.894Z] [INFO] GET /api/fees-dashboard/summary?filterType=month
[2026-07-31T05:30:48.899Z] [INFO] GET /api/fees-dashboard/charts?filterType=month
[2026-07-31T05:30:48.903Z] [INFO] GET /api/fees-dashboard/summary?filterType=month
[2026-07-31T05:30:48.905Z] [INFO] GET /api/fees-dashboard/charts?filterType=month
[2026-07-31T05:30:48.907Z] [INFO] GET /api/fees-dashboard/recent-payments
[2026-07-31T05:30:48.910Z] [INFO] GET /api/fees-dashboard/upcoming-due
[2026-07-31T05:30:49.213Z] [INFO] GET /api/fees-dashboard/overdue
[2026-07-31T05:30:49.320Z] [INFO] GET /api/fees-dashboard/recent-students
[2026-07-31T05:30:49.324Z] [INFO] GET /api/fees-dashboard/recent-activities
[2026-07-31T05:30:49.330Z] [INFO] GET /api/fees-dashboard/recent-payments
[2026-07-31T05:30:49.425Z] [INFO] GET /api/fees-dashboard/upcoming-due
[2026-07-31T05:30:49.427Z] [INFO] GET /api/fees-dashboard/overdue
[2026-07-31T05:30:49.531Z] [INFO] GET /api/fees-dashboard/recent-students
[2026-07-31T05:30:49.533Z] [INFO] GET /api/fees-dashboard/recent-activities
[2026-07-31T05:30:59.126Z] [INFO] GET /api/employee/me
[2026-07-31T05:30:59.128Z] [INFO] GET /api/employee/me
[2026-07-31T05:30:59.129Z] [INFO] GET /api/auth/me
[2026-07-31T05:30:59.131Z] [INFO] GET /api/auth/me
[2026-07-31T05:30:59.148Z] [INFO] GET /api/settings
[2026-07-31T05:30:59.151Z] [INFO] GET /api/settings
[2026-07-31T05:31:33.900Z] [INFO] GET /api/employee/me
[2026-07-31T05:31:33.905Z] [INFO] GET /api/auth/me
[2026-07-31T05:31:33.907Z] [INFO] GET /api/employee/me
[2026-07-31T05:31:33.908Z] [INFO] GET /api/auth/me
[2026-07-31T05:31:33.925Z] [INFO] GET /api/settings
[2026-07-31T05:31:33.928Z] [INFO] GET /api/settings
[2026-07-31T05:31:37.368Z] [INFO] GET /api/auth/me
[2026-07-31T05:31:37.370Z] [INFO] GET /api/employee/me
[2026-07-31T05:31:37.372Z] [INFO] GET /api/auth/me
[2026-07-31T05:31:37.470Z] [INFO] GET /api/settings
[2026-07-31T05:31:37.643Z] [INFO] GET /api/settings
[2026-07-31T05:31:41.198Z] [INFO] GET /api/employee/me
[2026-07-31T05:32:02.161Z] [INFO] GET /api/employee/me
[2026-07-31T05:32:02.164Z] [INFO] GET /api/employee/me
[2026-07-31T05:32:02.165Z] [INFO] GET /api/auth/me
[2026-07-31T05:32:02.171Z] [INFO] GET /api/auth/me
[2026-07-31T05:32:02.188Z] [INFO] GET /api/settings
[2026-07-31T05:32:02.319Z] [INFO] GET /api/settings
[2026-07-31T05:32:02.489Z] [INFO] GET /api/fees-dashboard/summary?filterType=month
[2026-07-31T05:32:02.492Z] [INFO] GET /api/fees-dashboard/charts?filterType=month
[2026-07-31T05:32:02.494Z] [INFO] GET /api/fees-dashboard/recent-payments
[2026-07-31T05:32:02.497Z] [INFO] GET /api/fees-dashboard/upcoming-due
[2026-07-31T05:32:02.752Z] [INFO] GET /api/fees-dashboard/overdue
[2026-07-31T05:32:02.757Z] [INFO] GET /api/fees-dashboard/recent-students
[2026-07-31T05:32:02.816Z] [INFO] GET /api/fees-dashboard/summary?filterType=month
[2026-07-31T05:32:02.884Z] [INFO] GET /api/fees-dashboard/recent-activities
[2026-07-31T05:32:02.888Z] [INFO] GET /api/fees-dashboard/charts?filterType=month
[2026-07-31T05:32:02.891Z] [INFO] GET /api/fees-dashboard/recent-payments
[2026-07-31T05:32:02.941Z] [INFO] GET /api/fees-dashboard/upcoming-due
[2026-07-31T05:32:02.994Z] [INFO] GET /api/fees-dashboard/overdue
[2026-07-31T05:32:02.998Z] [INFO] GET /api/fees-dashboard/recent-students
[2026-07-31T05:32:03.036Z] [INFO] GET /api/fees-dashboard/recent-activities
[2026-07-31T05:33:35.654Z] [INFO] GET /api/employee/me
[2026-07-31T05:33:35.657Z] [INFO] GET /api/auth/me
[2026-07-31T05:33:35.663Z] [INFO] GET /api/auth/me
[2026-07-31T05:33:35.691Z] [INFO] GET /api/settings
[2026-07-31T05:33:35.848Z] [INFO] GET /api/settings
[2026-07-31T05:33:36.004Z] [INFO] GET /api/fees-dashboard/summary?filterType=month
[2026-07-31T05:33:36.011Z] [INFO] GET /api/fees-dashboard/charts?filterType=month
[2026-07-31T05:33:36.016Z] [INFO] GET /api/fees-dashboard/recent-payments
[2026-07-31T05:33:36.020Z] [INFO] GET /api/fees-dashboard/upcoming-due
[2026-07-31T05:33:36.022Z] [INFO] GET /api/fees-dashboard/overdue
[2026-07-31T05:33:36.288Z] [INFO] GET /api/fees-dashboard/recent-students
[2026-07-31T05:33:36.291Z] [INFO] GET /api/fees-dashboard/summary?filterType=month
[2026-07-31T05:33:36.417Z] [INFO] GET /api/fees-dashboard/recent-activities
[2026-07-31T05:33:36.574Z] [INFO] GET /api/fees-dashboard/charts?filterType=month
[2026-07-31T05:33:36.576Z] [INFO] GET /api/fees-dashboard/recent-payments
[2026-07-31T05:33:36.701Z] [INFO] GET /api/fees-dashboard/upcoming-due
[2026-07-31T05:33:36.705Z] [INFO] GET /api/fees-dashboard/overdue
[2026-07-31T05:33:36.793Z] [INFO] GET /api/fees-dashboard/recent-students
[2026-07-31T05:33:36.959Z] [INFO] GET /api/fees-dashboard/recent-activities
[2026-07-31T05:33:37.580Z] [INFO] GET /api/employee/me
[2026-07-31T08:19:30.878Z] [INFO] POST /api/auth/login
[2026-07-31T08:19:31.120Z] [INFO] GET /api/auth/me
[2026-07-31T08:19:31.164Z] [INFO] GET /api/fees-dashboard/summary?filterType=month
[2026-07-31T08:19:31.172Z] [INFO] GET /api/fees-dashboard/charts?filterType=month
[2026-07-31T08:19:31.179Z] [INFO] GET /api/fees-dashboard/recent-payments
[2026-07-31T08:19:31.187Z] [INFO] GET /api/fees-dashboard/upcoming-due
[2026-07-31T08:19:31.194Z] [INFO] GET /api/fees-dashboard/summary?filterType=month
[2026-07-31T08:19:31.198Z] [INFO] GET /api/fees-dashboard/charts?filterType=month
[2026-07-31T08:19:31.411Z] [INFO] GET /api/fees-dashboard/recent-payments
[2026-07-31T08:19:31.467Z] [INFO] GET /api/fees-dashboard/overdue
[2026-07-31T08:19:31.498Z] [INFO] GET /api/fees-dashboard/upcoming-due
[2026-07-31T08:19:31.524Z] [INFO] GET /api/fees-dashboard/overdue
[2026-07-31T08:19:31.529Z] [INFO] GET /api/fees-dashboard/recent-students
[2026-07-31T08:19:31.540Z] [INFO] GET /api/fees-dashboard/recent-activities
[2026-07-31T08:19:31.550Z] [INFO] GET /api/fees-dashboard/recent-students
[2026-07-31T08:19:31.593Z] [INFO] GET /api/settings
[2026-07-31T08:19:31.604Z] [INFO] GET /api/fees-dashboard/recent-activities
[2026-07-31T08:19:31.630Z] [INFO] GET /api/settings
[2026-07-31T08:19:35.608Z] [INFO] GET /api/fee-plan/6a6c3107dfee1c0c0f92d5c6
[2026-07-31T08:19:35.617Z] [INFO] GET /api/students/6a6c3107dfee1c0c0f92d5c6
[2026-07-31T08:19:35.623Z] [INFO] GET /api/fee-plan/6a6c3107dfee1c0c0f92d5c6
[2026-07-31T08:19:35.629Z] [INFO] GET /api/payments/student/6a6c3107dfee1c0c0f92d5c6
[2026-07-31T08:19:35.636Z] [INFO] GET /api/payments/logs/student/6a6c3107dfee1c0c0f92d5c6
[2026-07-31T08:19:35.643Z] [INFO] GET /api/students/6a6c3107dfee1c0c0f92d5c6
[2026-07-31T08:19:35.732Z] [INFO] GET /api/payments/student/6a6c3107dfee1c0c0f92d5c6
[2026-07-31T08:19:35.738Z] [INFO] GET /api/payments/logs/student/6a6c3107dfee1c0c0f92d5c6
[2026-07-31T08:19:35.758Z] [INFO] GET /api/installments/6a6c3107dfee1c0c0f92d5c6
[2026-07-31T08:19:35.974Z] [INFO] GET /api/installments/6a6c3107dfee1c0c0f92d5c6
[2026-07-31T08:19:36.285Z] [INFO] GET /api/fees-dashboard/summary?filterType=month
[2026-07-31T08:19:36.290Z] [INFO] GET /api/fees-dashboard/charts?filterType=month
[2026-07-31T08:19:36.293Z] [INFO] GET /api/fees-dashboard/summary?filterType=month
[2026-07-31T08:19:36.298Z] [INFO] GET /api/fees-dashboard/recent-payments
[2026-07-31T08:19:36.303Z] [INFO] GET /api/fees-dashboard/charts?filterType=month
[2026-07-31T08:19:36.358Z] [INFO] GET /api/fees-dashboard/recent-payments
[2026-07-31T08:19:36.389Z] [INFO] GET /api/fees-dashboard/upcoming-due
[2026-07-31T08:19:36.449Z] [INFO] GET /api/fees-dashboard/overdue
[2026-07-31T08:19:36.455Z] [INFO] GET /api/fees-dashboard/recent-students
[2026-07-31T08:19:36.462Z] [INFO] GET /api/fees-dashboard/upcoming-due
[2026-07-31T08:19:36.467Z] [INFO] GET /api/fees-dashboard/overdue
[2026-07-31T08:19:36.474Z] [INFO] GET /api/fees-dashboard/recent-activities
[2026-07-31T08:19:36.487Z] [INFO] GET /api/fees-dashboard/recent-students
[2026-07-31T08:19:36.537Z] [INFO] GET /api/fees-dashboard/recent-activities
[2026-07-31T08:19:37.417Z] [INFO] GET /api/students
[2026-07-31T08:19:37.608Z] [INFO] GET /api/students
[2026-07-31T08:19:38.492Z] [INFO] GET /api/payments
[2026-07-31T08:19:38.747Z] [INFO] GET /api/payments
[2026-07-31T08:19:39.018Z] [INFO] GET /api/students
[2026-07-31T08:19:39.022Z] [INFO] GET /api/payments
[2026-07-31T08:19:39.025Z] [INFO] GET /api/students
[2026-07-31T08:19:39.030Z] [INFO] GET /api/payments
[2026-07-31T08:19:39.243Z] [INFO] GET /api/fee-plan/6a6c3107dfee1c0c0f92d5c6
[2026-07-31T08:19:39.493Z] [INFO] GET /api/installments/6a6c3107dfee1c0c0f92d5c6
[2026-07-31T08:19:39.691Z] [INFO] GET /api/students
[2026-07-31T08:19:39.698Z] [INFO] GET /api/payments
[2026-07-31T08:19:39.702Z] [INFO] GET /api/students
[2026-07-31T08:19:39.706Z] [INFO] GET /api/payments
[2026-07-31T08:19:39.877Z] [INFO] GET /api/students
[2026-07-31T08:19:39.882Z] [INFO] GET /api/students
[2026-07-31T08:19:41.011Z] [INFO] GET /api/fees-dashboard/summary?filterType=month
[2026-07-31T08:19:41.017Z] [INFO] GET /api/fees-dashboard/charts?filterType=month
[2026-07-31T08:19:41.026Z] [INFO] GET /api/fees-dashboard/recent-payments
[2026-07-31T08:19:41.032Z] [INFO] GET /api/fees-dashboard/upcoming-due
[2026-07-31T08:19:41.037Z] [INFO] GET /api/fees-dashboard/overdue
[2026-07-31T08:19:41.042Z] [INFO] GET /api/fees-dashboard/recent-students
[2026-07-31T08:19:41.237Z] [INFO] GET /api/fees-dashboard/recent-activities
[2026-07-31T08:19:41.258Z] [INFO] GET /api/fees-dashboard/summary?filterType=month
[2026-07-31T08:19:41.268Z] [INFO] GET /api/fees-dashboard/charts?filterType=month
[2026-07-31T08:19:41.271Z] [INFO] GET /api/fees-dashboard/recent-payments
[2026-07-31T08:19:41.414Z] [INFO] GET /api/fees-dashboard/upcoming-due
[2026-07-31T08:19:41.443Z] [INFO] GET /api/fees-dashboard/overdue
[2026-07-31T08:19:41.453Z] [INFO] GET /api/fees-dashboard/recent-students
[2026-07-31T08:19:41.458Z] [INFO] GET /api/fees-dashboard/recent-activities
[2026-07-31T08:19:49.118Z] [INFO] GET /api/auth/me
[2026-07-31T08:19:49.128Z] [INFO] GET /api/auth/me
[2026-07-31T08:19:49.333Z] [INFO] GET /api/notifications?limit=10
[2026-07-31T08:19:49.345Z] [INFO] GET /api/notifications?limit=10
[2026-07-31T08:19:49.353Z] [INFO] GET /api/notifications/unread
[2026-07-31T08:19:49.359Z] [INFO] GET /api/notifications/unread
[2026-07-31T08:19:49.370Z] [INFO] GET /api/attendance/summary
[2026-07-31T08:19:49.382Z] [INFO] GET /api/lead
[2026-07-31T08:19:49.489Z] [INFO] GET /api/lead
[2026-07-31T08:19:50.536Z] [INFO] GET /api/attendance/summary
[2026-07-31T08:20:19.212Z] [INFO] GET /api/notifications?limit=10
[2026-07-31T08:20:19.220Z] [INFO] GET /api/notifications/unread
[2026-07-31T08:20:34.244Z] [INFO] GET /api/lead
[2026-07-31T08:20:34.276Z] [INFO] GET /api/lead
[2026-07-31T08:20:44.719Z] [INFO] GET /api/lead
[2026-07-31T08:20:44.722Z] [INFO] GET /api/lead
[2026-07-31T08:21:19.949Z] [INFO] GET /api/notifications?limit=10
[2026-07-31T08:21:19.957Z] [INFO] GET /api/notifications?limit=10
[2026-07-31T08:21:19.967Z] [INFO] GET /api/notifications/unread
[2026-07-31T08:21:19.974Z] [INFO] GET /api/notifications/unread
[2026-07-31T08:21:42.997Z] [INFO] GET /api/settings
[2026-07-31T08:21:43.162Z] [INFO] GET /api/settings
[2026-07-31T08:21:43.319Z] [INFO] GET /api/fees-dashboard/summary?filterType=month
[2026-07-31T08:21:43.323Z] [INFO] GET /api/fees-dashboard/charts?filterType=month
[2026-07-31T08:21:43.329Z] [INFO] GET /api/fees-dashboard/recent-payments
[2026-07-31T08:21:43.334Z] [INFO] GET /api/fees-dashboard/upcoming-due
[2026-07-31T08:21:43.339Z] [INFO] GET /api/fees-dashboard/summary?filterType=month
[2026-07-31T08:21:43.345Z] [INFO] GET /api/fees-dashboard/overdue
[2026-07-31T08:21:43.425Z] [INFO] GET /api/fees-dashboard/charts?filterType=month
[2026-07-31T08:21:43.431Z] [INFO] GET /api/fees-dashboard/recent-payments
[2026-07-31T08:21:43.434Z] [INFO] GET /api/fees-dashboard/upcoming-due
[2026-07-31T08:21:43.482Z] [INFO] GET /api/fees-dashboard/overdue
[2026-07-31T08:21:43.505Z] [INFO] GET /api/fees-dashboard/recent-students
[2026-07-31T08:21:43.513Z] [INFO] GET /api/fees-dashboard/recent-activities
[2026-07-31T08:21:43.524Z] [INFO] GET /api/fees-dashboard/recent-students
[2026-07-31T08:21:43.527Z] [INFO] GET /api/fees-dashboard/recent-activities
[2026-07-31T10:09:31.780Z] [INFO] GET /api/notifications?limit=10
[2026-07-31T10:09:31.788Z] [INFO] GET /api/notifications/unread
[2026-07-31T10:09:31.796Z] [INFO] GET /api/notifications?limit=10
[2026-07-31T10:09:31.801Z] [INFO] GET /api/notifications/unread
[2026-07-31T10:10:01.777Z] [INFO] GET /api/notifications?limit=10
[2026-07-31T10:10:01.783Z] [INFO] GET /api/notifications/unread
[2026-07-31T10:10:31.860Z] [INFO] GET /api/notifications?limit=10
[2026-07-31T10:10:31.865Z] [INFO] GET /api/notifications/unread
[2026-07-31T10:11:01.860Z] [INFO] GET /api/notifications?limit=10
[2026-07-31T10:11:01.863Z] [INFO] GET /api/notifications/unread
[2026-07-31T10:11:31.866Z] [INFO] GET /api/notifications?limit=10
[2026-07-31T10:11:31.870Z] [INFO] GET /api/notifications/unread
[2026-07-31T10:11:40.061Z] [INFO] GET /api/lead
[2026-07-31T10:11:40.068Z] [INFO] GET /api/attendance/summary
[2026-07-31T10:11:40.077Z] [INFO] GET /api/lead
[2026-07-31T10:11:40.083Z] [INFO] GET /api/attendance/summary
[2026-07-31T10:12:01.875Z] [INFO] GET /api/notifications?limit=10
[2026-07-31T10:12:01.882Z] [INFO] GET /api/notifications/unread
[2026-07-31T10:12:25.157Z] [INFO] GET /api/lead
[2026-07-31T10:12:25.186Z] [INFO] GET /api/lead
[2026-07-31T10:12:31.872Z] [INFO] GET /api/notifications?limit=10
[2026-07-31T10:12:31.878Z] [INFO] GET /api/notifications/unread
[2026-07-31T10:13:01.874Z] [INFO] GET /api/notifications?limit=10
[2026-07-31T10:13:01.878Z] [INFO] GET /api/notifications/unread
[2026-07-31T10:13:10.809Z] [INFO] GET /api/lead
[2026-07-31T10:13:10.831Z] [INFO] GET /api/lead
[2026-07-31T10:13:32.194Z] [INFO] GET /api/notifications?limit=10
[2026-07-31T10:13:32.200Z] [INFO] GET /api/notifications/unread
[2026-07-31T10:14:02.487Z] [INFO] GET /api/notifications?limit=10
[2026-07-31T10:14:02.491Z] [INFO] GET /api/notifications/unread
[2026-07-31T10:14:03.508Z] [INFO] GET /api/lead
[2026-07-31T10:14:03.537Z] [INFO] GET /api/lead
[2026-07-31T10:14:32.542Z] [INFO] GET /api/notifications?limit=10
[2026-07-31T10:14:32.546Z] [INFO] GET /api/notifications/unread
[2026-07-31T10:14:51.250Z] [INFO] GET /api/lead
[2026-07-31T10:14:51.273Z] [INFO] GET /api/lead
[2026-07-31T10:15:02.665Z] [INFO] GET /api/notifications?limit=10
[2026-07-31T10:15:02.669Z] [INFO] GET /api/notifications/unread
[2026-07-31T10:15:32.812Z] [INFO] GET /api/notifications?limit=10
[2026-07-31T10:15:32.816Z] [INFO] GET /api/notifications/unread
[2026-07-31T10:15:40.124Z] [INFO] GET /api/lead
[2026-07-31T10:15:40.154Z] [INFO] GET /api/lead
[2026-07-31T10:16:03.011Z] [INFO] GET /api/notifications?limit=10
[2026-07-31T10:16:03.015Z] [INFO] GET /api/notifications/unread
[2026-07-31T10:16:28.019Z] [INFO] GET /api/lead
[2026-07-31T10:16:28.040Z] [INFO] GET /api/lead
[2026-07-31T10:16:33.200Z] [INFO] GET /api/notifications?limit=10
[2026-07-31T10:16:33.206Z] [INFO] GET /api/notifications/unread
[2026-07-31T10:17:03.420Z] [INFO] GET /api/notifications?limit=10
[2026-07-31T10:17:03.456Z] [INFO] GET /api/notifications/unread
[2026-07-31T10:17:15.944Z] [INFO] GET /api/lead
[2026-07-31T10:17:15.966Z] [INFO] GET /api/lead
[2026-07-31T10:17:33.571Z] [INFO] GET /api/notifications?limit=10
[2026-07-31T10:17:33.579Z] [INFO] GET /api/notifications/unread
[2026-07-31T10:18:03.760Z] [INFO] GET /api/notifications?limit=10
[2026-07-31T10:18:03.766Z] [INFO] GET /api/notifications/unread
[2026-07-31T10:18:04.789Z] [INFO] GET /api/lead
[2026-07-31T10:18:04.814Z] [INFO] GET /api/lead
[2026-07-31T10:18:34.189Z] [INFO] GET /api/notifications?limit=10
[2026-07-31T10:18:34.197Z] [INFO] GET /api/notifications/unread
[2026-07-31T10:18:52.999Z] [INFO] GET /api/lead
[2026-07-31T10:18:53.021Z] [INFO] GET /api/lead
[2026-07-31T10:19:04.424Z] [INFO] GET /api/notifications?limit=10
[2026-07-31T10:19:04.429Z] [INFO] GET /api/notifications/unread
[2026-07-31T10:19:34.454Z] [INFO] GET /api/notifications?limit=10
[2026-07-31T10:19:34.461Z] [INFO] GET /api/notifications/unread
[2026-07-31T10:19:35.350Z] [INFO] GET /api/fees-dashboard/summary?filterType=month
[2026-07-31T10:19:35.364Z] [INFO] GET /api/fees-dashboard/charts?filterType=month
[2026-07-31T10:19:35.369Z] [INFO] GET /api/fees-dashboard/recent-payments
[2026-07-31T10:19:35.373Z] [INFO] GET /api/fees-dashboard/upcoming-due
[2026-07-31T10:19:35.378Z] [INFO] GET /api/fees-dashboard/summary?filterType=month
[2026-07-31T10:19:35.381Z] [INFO] GET /api/fees-dashboard/charts?filterType=month
[2026-07-31T10:19:35.596Z] [INFO] GET /api/fees-dashboard/overdue
[2026-07-31T10:19:35.633Z] [INFO] GET /api/fees-dashboard/recent-payments
[2026-07-31T10:19:35.653Z] [INFO] GET /api/fees-dashboard/upcoming-due
[2026-07-31T10:19:35.682Z] [INFO] GET /api/fees-dashboard/overdue
[2026-07-31T10:19:35.690Z] [INFO] GET /api/fees-dashboard/recent-students
[2026-07-31T10:19:35.694Z] [INFO] GET /api/fees-dashboard/recent-students
[2026-07-31T10:19:35.864Z] [INFO] GET /api/fees-dashboard/recent-activities
[2026-07-31T10:19:35.870Z] [INFO] GET /api/fees-dashboard/recent-activities
[2026-07-31T10:19:35.946Z] [INFO] GET /api/settings
[2026-07-31T10:19:35.953Z] [INFO] GET /api/settings
[2026-07-31T10:21:13.147Z] [INFO] GET /api/students
[2026-07-31T10:21:13.151Z] [INFO] GET /api/students
[2026-07-31T10:21:13.153Z] [INFO] GET /api/payments
[2026-07-31T10:21:13.157Z] [INFO] GET /api/payments
[2026-07-31T10:21:13.369Z] [INFO] GET /api/fee-plan/6a6c3107dfee1c0c0f92d5c6
[2026-07-31T10:21:13.548Z] [INFO] GET /api/installments/6a6c3107dfee1c0c0f92d5c6
[2026-07-31T10:21:26.782Z] [INFO] POST /api/payments
[2026-07-31T10:21:38.260Z] [INFO] GET /api/fee-plan/6a6c30a3727b723dc2e0221f
[2026-07-31T10:22:29.164Z] [INFO] GET /api/auth/me
[2026-07-31T10:22:29.175Z] [INFO] GET /api/auth/me
[2026-07-31T10:22:29.234Z] [INFO] GET /api/settings
[2026-07-31T10:22:29.239Z] [INFO] GET /api/settings
[2026-07-31T10:22:29.552Z] [INFO] GET /api/payments
[2026-07-31T10:22:29.557Z] [INFO] GET /api/students
[2026-07-31T10:22:29.561Z] [INFO] GET /api/payments
[2026-07-31T10:22:29.565Z] [INFO] GET /api/students
[2026-07-31T10:22:29.858Z] [INFO] GET /api/fee-plan/6a6c3107dfee1c0c0f92d5c6
[2026-07-31T10:22:30.135Z] [INFO] GET /api/installments/6a6c3107dfee1c0c0f92d5c6
[2026-07-31T10:22:51.364Z] [INFO] POST /api/payments
[2026-07-31T10:23:19.701Z] [INFO] GET /api/payments
[2026-07-31T10:23:19.705Z] [INFO] GET /api/payments
[2026-07-31T10:23:25.694Z] [INFO] GET /api/invoices?page=1&limit=20
[2026-07-31T10:23:25.840Z] [INFO] GET /api/invoices?page=1&limit=20
[2026-07-31T10:23:31.558Z] [INFO] GET /api/invoices?page=1&limit=20&status=Paid
[2026-07-31T10:23:34.893Z] [INFO] GET /api/invoices?page=1&limit=20&status=Paid&dateFilter=today
[2026-07-31T10:23:39.124Z] [INFO] GET /api/receipts?page=1&limit=20
[2026-07-31T10:23:39.555Z] [INFO] GET /api/receipts?page=1&limit=20
[2026-07-31T10:23:43.932Z] [INFO] GET /api/receipts/6a6c3109dfee1c0c0f92d5cf
[2026-07-31T10:23:51.182Z] [INFO] GET /api/auth/me
[2026-07-31T10:23:51.193Z] [INFO] GET /api/auth/me
[2026-07-31T10:23:51.371Z] [INFO] GET /api/settings
[2026-07-31T10:23:51.539Z] [INFO] GET /api/settings
[2026-07-31T10:23:51.676Z] [INFO] GET /api/invoices?page=1&limit=20
[2026-07-31T10:23:51.682Z] [INFO] GET /api/invoices?page=1&limit=20
[2026-07-31T10:23:53.257Z] [INFO] GET /api/fees-dashboard/recent-activities
[2026-07-31T10:23:53.392Z] [INFO] GET /api/fees-dashboard/recent-activities
[2026-07-31T10:24:04.356Z] [INFO] GET /api/students
[2026-07-31T10:24:04.745Z] [INFO] GET /api/students
[2026-07-31T10:24:17.166Z] [INFO] GET /api/students/6a6c3107dfee1c0c0f92d5c6
[2026-07-31T10:24:17.172Z] [INFO] GET /api/students/6a6c3107dfee1c0c0f92d5c6
[2026-07-31T10:24:17.178Z] [INFO] GET /api/fee-plan/6a6c3107dfee1c0c0f92d5c6
[2026-07-31T10:24:17.185Z] [INFO] GET /api/payments/student/6a6c3107dfee1c0c0f92d5c6
[2026-07-31T10:24:17.191Z] [INFO] GET /api/payments/logs/student/6a6c3107dfee1c0c0f92d5c6
[2026-07-31T10:24:17.200Z] [INFO] GET /api/fee-plan/6a6c3107dfee1c0c0f92d5c6
[2026-07-31T10:24:17.350Z] [INFO] GET /api/payments/student/6a6c3107dfee1c0c0f92d5c6
[2026-07-31T10:24:17.355Z] [INFO] GET /api/payments/logs/student/6a6c3107dfee1c0c0f92d5c6
[2026-07-31T10:24:17.429Z] [INFO] GET /api/installments/6a6c3107dfee1c0c0f92d5c6
[2026-07-31T10:24:17.439Z] [INFO] GET /api/installments/6a6c3107dfee1c0c0f92d5c6
[2026-07-31T10:24:39.782Z] [INFO] GET /api/auth/me
[2026-07-31T10:24:39.792Z] [INFO] GET /api/auth/me
[2026-07-31T10:24:39.830Z] [INFO] GET /api/settings
[2026-07-31T10:24:39.898Z] [INFO] GET /api/settings
[2026-07-31T10:24:40.130Z] [INFO] GET /api/students
[2026-07-31T10:24:40.491Z] [INFO] GET /api/students
[2026-07-31T10:25:00.190Z] [INFO] DELETE /api/students/6a698b53eb3556b14e5cea1f
[2026-07-31T10:25:04.699Z] [INFO] GET /api/students
[2026-07-31T10:25:09.991Z] [INFO] DELETE /api/students/6a6c30a3727b723dc2e0221f
[2026-07-31T10:25:21.690Z] [INFO] DELETE /api/students/6a698b6871d4efa6cf5f894f
[2026-07-31T11:56:09.997Z] [INFO] GET /docs/
[2026-07-31T11:56:10.105Z] [INFO] GET /favicon.ico
[2026-07-31T11:56:14.323Z] [INFO] GET /docs/
[2026-07-31T11:56:14.385Z] [INFO] GET /favicon.ico
[2026-07-31T11:56:19.254Z] [INFO] GET /docs
[2026-07-31T11:56:19.303Z] [INFO] GET /favicon.ico
[2026-07-31T11:56:25.495Z] [INFO] GET /docs/
[2026-07-31T11:56:25.550Z] [INFO] GET /favicon.ico
[2026-07-31T11:56:41.162Z] [INFO] GET /docs
[2026-07-31T11:56:41.263Z] [INFO] GET /favicon.ico
[2026-07-31T11:56:46.977Z] [INFO] GET /docs/
[2026-07-31T11:56:47.031Z] [INFO] GET /favicon.ico
[2026-07-31T11:57:00.686Z] [INFO] GET /api-docs/
[2026-07-31T11:57:00.760Z] [INFO] GET /favicon.ico
[2026-07-31T11:57:05.624Z] [INFO] GET /api-docs/
[2026-07-31T11:57:05.694Z] [INFO] GET /favicon.ico
[2026-07-31T11:57:08.177Z] [INFO] GET /
[2026-07-31T11:57:08.209Z] [INFO] GET /favicon.ico
